# JMH version: 1.37
# VM version: JDK 17.0.19, OpenJDK 64-Bit Server VM, 17.0.19+10-1-24.04.2-Ubuntu
# VM invoker: /usr/lib/jvm/java-17-openjdk-amd64/bin/java
# VM options: <none>
# Blackhole mode: compiler (auto-detected, use -Djmh.blackhole.autoDetect=false to disable)
# Warmup: 3 iterations, 500 ms each
# Measurement: 5 iterations, 500 ms each
# Timeout: 10 min per iteration
# Threads: 1 thread, will synchronize iterations
# Benchmark mode: Average time, time/op
# Benchmark: net.openhft.hashing.VarHandleVsUnsafeBenchmark.unsafe
# Parameters: (length = 8, startAlign = 0)

# Run progress: 0.00% complete, ETA 00:03:12
# Fork: 1 of 2
# Warmup Iteration   1: 2.405 ns/op
# Warmup Iteration   2: 2.543 ns/op
# Warmup Iteration   3: 2.230 ns/op
Iteration   1: 2.231 ns/op
Iteration   2: 2.267 ns/op
Iteration   3: 2.391 ns/op
Iteration   4: 2.296 ns/op
Iteration   5: 2.302 ns/op

# Run progress: 2.08% complete, ETA 00:03:15
# Fork: 2 of 2
# Warmup Iteration   1: 2.399 ns/op
# Warmup Iteration   2: 2.393 ns/op
# Warmup Iteration   3: 2.362 ns/op
Iteration   1: 2.329 ns/op
Iteration   2: 2.252 ns/op
Iteration   3: 2.246 ns/op
Iteration   4: 2.237 ns/op
Iteration   5: 2.274 ns/op


Result "net.openhft.hashing.VarHandleVsUnsafeBenchmark.unsafe":
  2.283 ±(99.9%) 0.074 ns/op [Average]
  (min, avg, max) = (2.231, 2.283, 2.391), stdev = 0.049
  CI (99.9%): [2.208, 2.357] (assumes normal distribution)


# JMH version: 1.37
# VM version: JDK 17.0.19, OpenJDK 64-Bit Server VM, 17.0.19+10-1-24.04.2-Ubuntu
# VM invoker: /usr/lib/jvm/java-17-openjdk-amd64/bin/java
# VM options: <none>
# Blackhole mode: compiler (auto-detected, use -Djmh.blackhole.autoDetect=false to disable)
# Warmup: 3 iterations, 500 ms each
# Measurement: 5 iterations, 500 ms each
# Timeout: 10 min per iteration
# Threads: 1 thread, will synchronize iterations
# Benchmark mode: Average time, time/op
# Benchmark: net.openhft.hashing.VarHandleVsUnsafeBenchmark.unsafe
# Parameters: (length = 8, startAlign = 1)

# Run progress: 4.17% complete, ETA 00:03:10
# Fork: 1 of 2
# Warmup Iteration   1: 2.382 ns/op
# Warmup Iteration   2: 2.381 ns/op
# Warmup Iteration   3: 2.199 ns/op
Iteration   1: 2.211 ns/op
Iteration   2: 2.225 ns/op
Iteration   3: 2.250 ns/op
Iteration   4: 2.242 ns/op
Iteration   5: 2.253 ns/op

# Run progress: 6.25% complete, ETA 00:03:06
# Fork: 2 of 2
# Warmup Iteration   1: 2.433 ns/op
# Warmup Iteration   2: 2.384 ns/op
# Warmup Iteration   3: 2.279 ns/op
Iteration   1: 2.290 ns/op
Iteration   2: 2.310 ns/op
Iteration   3: 2.238 ns/op
Iteration   4: 2.250 ns/op
Iteration   5: 2.218 ns/op


Result "net.openhft.hashing.VarHandleVsUnsafeBenchmark.unsafe":
  2.249 ±(99.9%) 0.047 ns/op [Average]
  (min, avg, max) = (2.211, 2.249, 2.310), stdev = 0.031
  CI (99.9%): [2.202, 2.295] (assumes normal distribution)


# JMH version: 1.37
# VM version: JDK 17.0.19, OpenJDK 64-Bit Server VM, 17.0.19+10-1-24.04.2-Ubuntu
# VM invoker: /usr/lib/jvm/java-17-openjdk-amd64/bin/java
# VM options: <none>
# Blackhole mode: compiler (auto-detected, use -Djmh.blackhole.autoDetect=false to disable)
# Warmup: 3 iterations, 500 ms each
# Measurement: 5 iterations, 500 ms each
# Timeout: 10 min per iteration
# Threads: 1 thread, will synchronize iterations
# Benchmark mode: Average time, time/op
# Benchmark: net.openhft.hashing.VarHandleVsUnsafeBenchmark.unsafe
# Parameters: (length = 16, startAlign = 0)

# Run progress: 8.33% complete, ETA 00:03:02
# Fork: 1 of 2
# Warmup Iteration   1: 2.586 ns/op
# Warmup Iteration   2: 2.492 ns/op
# Warmup Iteration   3: 2.422 ns/op
Iteration   1: 2.397 ns/op
Iteration   2: 2.447 ns/op
Iteration   3: 2.363 ns/op
Iteration   4: 2.361 ns/op
Iteration   5: 2.400 ns/op

# Run progress: 10.42% complete, ETA 00:02:58
# Fork: 2 of 2
# Warmup Iteration   1: 2.592 ns/op
# Warmup Iteration   2: 2.531 ns/op
# Warmup Iteration   3: 2.399 ns/op
Iteration   1: 2.421 ns/op
Iteration   2: 2.410 ns/op
Iteration   3: 2.463 ns/op
Iteration   4: 2.440 ns/op
Iteration   5: 2.364 ns/op


Result "net.openhft.hashing.VarHandleVsUnsafeBenchmark.unsafe":
  2.406 ±(99.9%) 0.055 ns/op [Average]
  (min, avg, max) = (2.361, 2.406, 2.463), stdev = 0.037
  CI (99.9%): [2.351, 2.462] (assumes normal distribution)


# JMH version: 1.37
# VM version: JDK 17.0.19, OpenJDK 64-Bit Server VM, 17.0.19+10-1-24.04.2-Ubuntu
# VM invoker: /usr/lib/jvm/java-17-openjdk-amd64/bin/java
# VM options: <none>
# Blackhole mode: compiler (auto-detected, use -Djmh.blackhole.autoDetect=false to disable)
# Warmup: 3 iterations, 500 ms each
# Measurement: 5 iterations, 500 ms each
# Timeout: 10 min per iteration
# Threads: 1 thread, will synchronize iterations
# Benchmark mode: Average time, time/op
# Benchmark: net.openhft.hashing.VarHandleVsUnsafeBenchmark.unsafe
# Parameters: (length = 16, startAlign = 1)

# Run progress: 12.50% complete, ETA 00:02:53
# Fork: 1 of 2
# Warmup Iteration   1: 2.579 ns/op
# Warmup Iteration   2: 2.594 ns/op
# Warmup Iteration   3: 2.415 ns/op
Iteration   1: 2.435 ns/op
Iteration   2: 2.449 ns/op
Iteration   3: 2.441 ns/op
Iteration   4: 2.442 ns/op
Iteration   5: 2.452 ns/op

# Run progress: 14.58% complete, ETA 00:02:49
# Fork: 2 of 2
# Warmup Iteration   1: 2.646 ns/op
# Warmup Iteration   2: 2.830 ns/op
# Warmup Iteration   3: 2.420 ns/op
Iteration   1: 2.425 ns/op
Iteration   2: 2.556 ns/op
Iteration   3: 2.462 ns/op
Iteration   4: 2.458 ns/op
Iteration   5: 2.467 ns/op


Result "net.openhft.hashing.VarHandleVsUnsafeBenchmark.unsafe":
  2.459 ±(99.9%) 0.055 ns/op [Average]
  (min, avg, max) = (2.425, 2.459, 2.556), stdev = 0.036
  CI (99.9%): [2.404, 2.514] (assumes normal distribution)


# JMH version: 1.37
# VM version: JDK 17.0.19, OpenJDK 64-Bit Server VM, 17.0.19+10-1-24.04.2-Ubuntu
# VM invoker: /usr/lib/jvm/java-17-openjdk-amd64/bin/java
# VM options: <none>
# Blackhole mode: compiler (auto-detected, use -Djmh.blackhole.autoDetect=false to disable)
# Warmup: 3 iterations, 500 ms each
# Measurement: 5 iterations, 500 ms each
# Timeout: 10 min per iteration
# Threads: 1 thread, will synchronize iterations
# Benchmark mode: Average time, time/op
# Benchmark: net.openhft.hashing.VarHandleVsUnsafeBenchmark.unsafe
# Parameters: (length = 64, startAlign = 0)

# Run progress: 16.67% complete, ETA 00:02:45
# Fork: 1 of 2
# Warmup Iteration   1: 5.254 ns/op
# Warmup Iteration   2: 5.189 ns/op
# Warmup Iteration   3: 5.071 ns/op
Iteration   1: 5.157 ns/op
Iteration   2: 5.193 ns/op
Iteration   3: 5.221 ns/op
Iteration   4: 5.128 ns/op
Iteration   5: 5.084 ns/op

# Run progress: 18.75% complete, ETA 00:02:41
# Fork: 2 of 2
# Warmup Iteration   1: 5.104 ns/op
# Warmup Iteration   2: 5.123 ns/op
# Warmup Iteration   3: 5.081 ns/op
Iteration   1: 5.207 ns/op
Iteration   2: 5.112 ns/op
Iteration   3: 5.149 ns/op
Iteration   4: 5.152 ns/op
Iteration   5: 5.128 ns/op


Result "net.openhft.hashing.VarHandleVsUnsafeBenchmark.unsafe":
  5.153 ±(99.9%) 0.065 ns/op [Average]
  (min, avg, max) = (5.084, 5.153, 5.221), stdev = 0.043
  CI (99.9%): [5.088, 5.219] (assumes normal distribution)


# JMH version: 1.37
# VM version: JDK 17.0.19, OpenJDK 64-Bit Server VM, 17.0.19+10-1-24.04.2-Ubuntu
# VM invoker: /usr/lib/jvm/java-17-openjdk-amd64/bin/java
# VM options: <none>
# Blackhole mode: compiler (auto-detected, use -Djmh.blackhole.autoDetect=false to disable)
# Warmup: 3 iterations, 500 ms each
# Measurement: 5 iterations, 500 ms each
# Timeout: 10 min per iteration
# Threads: 1 thread, will synchronize iterations
# Benchmark mode: Average time, time/op
# Benchmark: net.openhft.hashing.VarHandleVsUnsafeBenchmark.unsafe
# Parameters: (length = 64, startAlign = 1)

# Run progress: 20.83% complete, ETA 00:02:37
# Fork: 1 of 2
# Warmup Iteration   1: 5.222 ns/op
# Warmup Iteration   2: 5.140 ns/op
# Warmup Iteration   3: 5.201 ns/op
Iteration   1: 5.199 ns/op
Iteration   2: 5.136 ns/op
Iteration   3: 5.120 ns/op
Iteration   4: 5.146 ns/op
Iteration   5: 5.194 ns/op

# Run progress: 22.92% complete, ETA 00:02:33
# Fork: 2 of 2
# Warmup Iteration   1: 5.176 ns/op
# Warmup Iteration   2: 5.119 ns/op
# Warmup Iteration   3: 5.203 ns/op
Iteration   1: 5.234 ns/op
Iteration   2: 5.366 ns/op
Iteration   3: 5.402 ns/op
Iteration   4: 5.262 ns/op
Iteration   5: 5.282 ns/op


Result "net.openhft.hashing.VarHandleVsUnsafeBenchmark.unsafe":
  5.234 ±(99.9%) 0.144 ns/op [Average]
  (min, avg, max) = (5.120, 5.234, 5.402), stdev = 0.095
  CI (99.9%): [5.090, 5.378] (assumes normal distribution)


# JMH version: 1.37
# VM version: JDK 17.0.19, OpenJDK 64-Bit Server VM, 17.0.19+10-1-24.04.2-Ubuntu
# VM invoker: /usr/lib/jvm/java-17-openjdk-amd64/bin/java
# VM options: <none>
# Blackhole mode: compiler (auto-detected, use -Djmh.blackhole.autoDetect=false to disable)
# Warmup: 3 iterations, 500 ms each
# Measurement: 5 iterations, 500 ms each
# Timeout: 10 min per iteration
# Threads: 1 thread, will synchronize iterations
# Benchmark mode: Average time, time/op
# Benchmark: net.openhft.hashing.VarHandleVsUnsafeBenchmark.unsafe
# Parameters: (length = 128, startAlign = 0)

# Run progress: 25.00% complete, ETA 00:02:28
# Fork: 1 of 2
# Warmup Iteration   1: 11.083 ns/op
# Warmup Iteration   2: 11.129 ns/op
# Warmup Iteration   3: 10.858 ns/op
Iteration   1: 10.736 ns/op
Iteration   2: 10.761 ns/op
Iteration   3: 10.544 ns/op
Iteration   4: 10.593 ns/op
Iteration   5: 10.749 ns/op

# Run progress: 27.08% complete, ETA 00:02:24
# Fork: 2 of 2
# Warmup Iteration   1: 11.219 ns/op
# Warmup Iteration   2: 10.999 ns/op
# Warmup Iteration   3: 10.754 ns/op
Iteration   1: 10.741 ns/op
Iteration   2: 10.639 ns/op
Iteration   3: 10.893 ns/op
Iteration   4: 10.820 ns/op
Iteration   5: 10.675 ns/op


Result "net.openhft.hashing.VarHandleVsUnsafeBenchmark.unsafe":
  10.715 ±(99.9%) 0.158 ns/op [Average]
  (min, avg, max) = (10.544, 10.715, 10.893), stdev = 0.105
  CI (99.9%): [10.557, 10.873] (assumes normal distribution)


# JMH version: 1.37
# VM version: JDK 17.0.19, OpenJDK 64-Bit Server VM, 17.0.19+10-1-24.04.2-Ubuntu
# VM invoker: /usr/lib/jvm/java-17-openjdk-amd64/bin/java
# VM options: <none>
# Blackhole mode: compiler (auto-detected, use -Djmh.blackhole.autoDetect=false to disable)
# Warmup: 3 iterations, 500 ms each
# Measurement: 5 iterations, 500 ms each
# Timeout: 10 min per iteration
# Threads: 1 thread, will synchronize iterations
# Benchmark mode: Average time, time/op
# Benchmark: net.openhft.hashing.VarHandleVsUnsafeBenchmark.unsafe
# Parameters: (length = 128, startAlign = 1)

# Run progress: 29.17% complete, ETA 00:02:20
# Fork: 1 of 2
# Warmup Iteration   1: 11.405 ns/op
# Warmup Iteration   2: 11.141 ns/op
# Warmup Iteration   3: 10.957 ns/op
Iteration   1: 10.838 ns/op
Iteration   2: 10.795 ns/op
Iteration   3: 10.956 ns/op
Iteration   4: 10.883 ns/op
Iteration   5: 10.888 ns/op

# Run progress: 31.25% complete, ETA 00:02:16
# Fork: 2 of 2
# Warmup Iteration   1: 11.249 ns/op
# Warmup Iteration   2: 11.214 ns/op
# Warmup Iteration   3: 10.978 ns/op
Iteration   1: 10.921 ns/op
Iteration   2: 10.940 ns/op
Iteration   3: 10.865 ns/op
Iteration   4: 10.966 ns/op
Iteration   5: 11.709 ns/op


Result "net.openhft.hashing.VarHandleVsUnsafeBenchmark.unsafe":
  10.976 ±(99.9%) 0.397 ns/op [Average]
  (min, avg, max) = (10.795, 10.976, 11.709), stdev = 0.263
  CI (99.9%): [10.579, 11.374] (assumes normal distribution)


# JMH version: 1.37
# VM version: JDK 17.0.19, OpenJDK 64-Bit Server VM, 17.0.19+10-1-24.04.2-Ubuntu
# VM invoker: /usr/lib/jvm/java-17-openjdk-amd64/bin/java
# VM options: <none>
# Blackhole mode: compiler (auto-detected, use -Djmh.blackhole.autoDetect=false to disable)
# Warmup: 3 iterations, 500 ms each
# Measurement: 5 iterations, 500 ms each
# Timeout: 10 min per iteration
# Threads: 1 thread, will synchronize iterations
# Benchmark mode: Average time, time/op
# Benchmark: net.openhft.hashing.VarHandleVsUnsafeBenchmark.unsafe
# Parameters: (length = 1024, startAlign = 0)

# Run progress: 33.33% complete, ETA 00:02:12
# Fork: 1 of 2
# Warmup Iteration   1: 75.119 ns/op
# Warmup Iteration   2: 71.039 ns/op
# Warmup Iteration   3: 68.559 ns/op
Iteration   1: 68.807 ns/op
Iteration   2: 68.489 ns/op
Iteration   3: 68.997 ns/op
Iteration   4: 68.547 ns/op
Iteration   5: 68.614 ns/op

# Run progress: 35.42% complete, ETA 00:02:08
# Fork: 2 of 2
# Warmup Iteration   1: 71.840 ns/op
# Warmup Iteration   2: 69.091 ns/op
# Warmup Iteration   3: 68.314 ns/op
Iteration   1: 68.110 ns/op
Iteration   2: 69.005 ns/op
Iteration   3: 68.221 ns/op
Iteration   4: 68.282 ns/op
Iteration   5: 69.081 ns/op


Result "net.openhft.hashing.VarHandleVsUnsafeBenchmark.unsafe":
  68.615 ±(99.9%) 0.527 ns/op [Average]
  (min, avg, max) = (68.110, 68.615, 69.081), stdev = 0.349
  CI (99.9%): [68.088, 69.142] (assumes normal distribution)


# JMH version: 1.37
# VM version: JDK 17.0.19, OpenJDK 64-Bit Server VM, 17.0.19+10-1-24.04.2-Ubuntu
# VM invoker: /usr/lib/jvm/java-17-openjdk-amd64/bin/java
# VM options: <none>
# Blackhole mode: compiler (auto-detected, use -Djmh.blackhole.autoDetect=false to disable)
# Warmup: 3 iterations, 500 ms each
# Measurement: 5 iterations, 500 ms each
# Timeout: 10 min per iteration
# Threads: 1 thread, will synchronize iterations
# Benchmark mode: Average time, time/op
# Benchmark: net.openhft.hashing.VarHandleVsUnsafeBenchmark.unsafe
# Parameters: (length = 1024, startAlign = 1)

# Run progress: 37.50% complete, ETA 00:02:04
# Fork: 1 of 2
# Warmup Iteration   1: 71.653 ns/op
# Warmup Iteration   2: 69.925 ns/op
# Warmup Iteration   3: 69.783 ns/op
Iteration   1: 70.220 ns/op
Iteration   2: 69.608 ns/op
Iteration   3: 69.889 ns/op
Iteration   4: 70.138 ns/op
Iteration   5: 69.892 ns/op

# Run progress: 39.58% complete, ETA 00:01:59
# Fork: 2 of 2
# Warmup Iteration   1: 72.209 ns/op
# Warmup Iteration   2: 69.719 ns/op
# Warmup Iteration   3: 70.431 ns/op
Iteration   1: 70.606 ns/op
Iteration   2: 70.720 ns/op
Iteration   3: 69.773 ns/op
Iteration   4: 72.096 ns/op
Iteration   5: 70.004 ns/op


Result "net.openhft.hashing.VarHandleVsUnsafeBenchmark.unsafe":
  70.294 ±(99.9%) 1.093 ns/op [Average]
  (min, avg, max) = (69.608, 70.294, 72.096), stdev = 0.723
  CI (99.9%): [69.201, 71.388] (assumes normal distribution)


# JMH version: 1.37
# VM version: JDK 17.0.19, OpenJDK 64-Bit Server VM, 17.0.19+10-1-24.04.2-Ubuntu
# VM invoker: /usr/lib/jvm/java-17-openjdk-amd64/bin/java
# VM options: <none>
# Blackhole mode: compiler (auto-detected, use -Djmh.blackhole.autoDetect=false to disable)
# Warmup: 3 iterations, 500 ms each
# Measurement: 5 iterations, 500 ms each
# Timeout: 10 min per iteration
# Threads: 1 thread, will synchronize iterations
# Benchmark mode: Average time, time/op
# Benchmark: net.openhft.hashing.VarHandleVsUnsafeBenchmark.unsafe
# Parameters: (length = 4096, startAlign = 0)

# Run progress: 41.67% complete, ETA 00:01:55
# Fork: 1 of 2
# Warmup Iteration   1: 280.429 ns/op
# Warmup Iteration   2: 264.027 ns/op
# Warmup Iteration   3: 265.272 ns/op
Iteration   1: 262.950 ns/op
Iteration   2: 262.049 ns/op
Iteration   3: 263.271 ns/op
Iteration   4: 262.254 ns/op
Iteration   5: 261.862 ns/op

# Run progress: 43.75% complete, ETA 00:01:51
# Fork: 2 of 2
# Warmup Iteration   1: 277.369 ns/op
# Warmup Iteration   2: 262.699 ns/op
# Warmup Iteration   3: 262.135 ns/op
Iteration   1: 265.737 ns/op
Iteration   2: 264.660 ns/op
Iteration   3: 266.484 ns/op
Iteration   4: 264.096 ns/op
Iteration   5: 265.741 ns/op


Result "net.openhft.hashing.VarHandleVsUnsafeBenchmark.unsafe":
  263.911 ±(99.9%) 2.552 ns/op [Average]
  (min, avg, max) = (261.862, 263.911, 266.484), stdev = 1.688
  CI (99.9%): [261.359, 266.463] (assumes normal distribution)


# JMH version: 1.37
# VM version: JDK 17.0.19, OpenJDK 64-Bit Server VM, 17.0.19+10-1-24.04.2-Ubuntu
# VM invoker: /usr/lib/jvm/java-17-openjdk-amd64/bin/java
# VM options: <none>
# Blackhole mode: compiler (auto-detected, use -Djmh.blackhole.autoDetect=false to disable)
# Warmup: 3 iterations, 500 ms each
# Measurement: 5 iterations, 500 ms each
# Timeout: 10 min per iteration
# Threads: 1 thread, will synchronize iterations
# Benchmark mode: Average time, time/op
# Benchmark: net.openhft.hashing.VarHandleVsUnsafeBenchmark.unsafe
# Parameters: (length = 4096, startAlign = 1)

# Run progress: 45.83% complete, ETA 00:01:47
# Fork: 1 of 2
# Warmup Iteration   1: 279.552 ns/op
# Warmup Iteration   2: 268.848 ns/op
# Warmup Iteration   3: 283.655 ns/op
Iteration   1: 268.958 ns/op
Iteration   2: 267.452 ns/op
Iteration   3: 266.246 ns/op
Iteration   4: 271.055 ns/op
Iteration   5: 265.577 ns/op

# Run progress: 47.92% complete, ETA 00:01:43
# Fork: 2 of 2
# Warmup Iteration   1: 286.917 ns/op
# Warmup Iteration   2: 274.874 ns/op
# Warmup Iteration   3: 270.780 ns/op
Iteration   1: 267.394 ns/op
Iteration   2: 268.054 ns/op
Iteration   3: 265.933 ns/op
Iteration   4: 266.499 ns/op
Iteration   5: 272.947 ns/op


Result "net.openhft.hashing.VarHandleVsUnsafeBenchmark.unsafe":
  268.011 ±(99.9%) 3.594 ns/op [Average]
  (min, avg, max) = (265.577, 268.011, 272.947), stdev = 2.377
  CI (99.9%): [264.417, 271.606] (assumes normal distribution)


# JMH version: 1.37
# VM version: JDK 17.0.19, OpenJDK 64-Bit Server VM, 17.0.19+10-1-24.04.2-Ubuntu
# VM invoker: /usr/lib/jvm/java-17-openjdk-amd64/bin/java
# VM options: <none>
# Blackhole mode: compiler (auto-detected, use -Djmh.blackhole.autoDetect=false to disable)
# Warmup: 3 iterations, 500 ms each
# Measurement: 5 iterations, 500 ms each
# Timeout: 10 min per iteration
# Threads: 1 thread, will synchronize iterations
# Benchmark mode: Average time, time/op
# Benchmark: net.openhft.hashing.VarHandleVsUnsafeBenchmark.varHandle
# Parameters: (length = 8, startAlign = 0)

# Run progress: 50.00% complete, ETA 00:01:39
# Fork: 1 of 2
# Warmup Iteration   1: 2.730 ns/op
# Warmup Iteration   2: 2.655 ns/op
# Warmup Iteration   3: 2.735 ns/op
Iteration   1: 2.712 ns/op
Iteration   2: 2.771 ns/op
Iteration   3: 2.801 ns/op
Iteration   4: 2.771 ns/op
Iteration   5: 2.833 ns/op

# Run progress: 52.08% complete, ETA 00:01:35
# Fork: 2 of 2
# Warmup Iteration   1: 2.686 ns/op
# Warmup Iteration   2: 2.660 ns/op
# Warmup Iteration   3: 2.609 ns/op
Iteration   1: 2.588 ns/op
Iteration   2: 2.659 ns/op
Iteration   3: 2.609 ns/op
Iteration   4: 2.629 ns/op
Iteration   5: 2.588 ns/op


Result "net.openhft.hashing.VarHandleVsUnsafeBenchmark.varHandle":
  2.696 ±(99.9%) 0.141 ns/op [Average]
  (min, avg, max) = (2.588, 2.696, 2.833), stdev = 0.093
  CI (99.9%): [2.555, 2.837] (assumes normal distribution)


# JMH version: 1.37
# VM version: JDK 17.0.19, OpenJDK 64-Bit Server VM, 17.0.19+10-1-24.04.2-Ubuntu
# VM invoker: /usr/lib/jvm/java-17-openjdk-amd64/bin/java
# VM options: <none>
# Blackhole mode: compiler (auto-detected, use -Djmh.blackhole.autoDetect=false to disable)
# Warmup: 3 iterations, 500 ms each
# Measurement: 5 iterations, 500 ms each
# Timeout: 10 min per iteration
# Threads: 1 thread, will synchronize iterations
# Benchmark mode: Average time, time/op
# Benchmark: net.openhft.hashing.VarHandleVsUnsafeBenchmark.varHandle
# Parameters: (length = 8, startAlign = 1)

# Run progress: 54.17% complete, ETA 00:01:30
# Fork: 1 of 2
# Warmup Iteration   1: 2.712 ns/op
# Warmup Iteration   2: 2.656 ns/op
# Warmup Iteration   3: 2.609 ns/op
Iteration   1: 2.622 ns/op
Iteration   2: 2.628 ns/op
Iteration   3: 2.642 ns/op
Iteration   4: 2.678 ns/op
Iteration   5: 2.621 ns/op

# Run progress: 56.25% complete, ETA 00:01:26
# Fork: 2 of 2
# Warmup Iteration   1: 2.710 ns/op
# Warmup Iteration   2: 2.652 ns/op
# Warmup Iteration   3: 2.697 ns/op
Iteration   1: 2.736 ns/op
Iteration   2: 2.786 ns/op
Iteration   3: 2.779 ns/op
Iteration   4: 2.741 ns/op
Iteration   5: 2.688 ns/op


Result "net.openhft.hashing.VarHandleVsUnsafeBenchmark.varHandle":
  2.692 ±(99.9%) 0.097 ns/op [Average]
  (min, avg, max) = (2.621, 2.692, 2.786), stdev = 0.064
  CI (99.9%): [2.594, 2.789] (assumes normal distribution)


# JMH version: 1.37
# VM version: JDK 17.0.19, OpenJDK 64-Bit Server VM, 17.0.19+10-1-24.04.2-Ubuntu
# VM invoker: /usr/lib/jvm/java-17-openjdk-amd64/bin/java
# VM options: <none>
# Blackhole mode: compiler (auto-detected, use -Djmh.blackhole.autoDetect=false to disable)
# Warmup: 3 iterations, 500 ms each
# Measurement: 5 iterations, 500 ms each
# Timeout: 10 min per iteration
# Threads: 1 thread, will synchronize iterations
# Benchmark mode: Average time, time/op
# Benchmark: net.openhft.hashing.VarHandleVsUnsafeBenchmark.varHandle
# Parameters: (length = 16, startAlign = 0)

# Run progress: 58.33% complete, ETA 00:01:22
# Fork: 1 of 2
# Warmup Iteration   1: 2.907 ns/op
# Warmup Iteration   2: 2.871 ns/op
# Warmup Iteration   3: 2.667 ns/op
Iteration   1: 2.618 ns/op
Iteration   2: 2.634 ns/op
Iteration   3: 2.649 ns/op
Iteration   4: 2.682 ns/op
Iteration   5: 2.628 ns/op

# Run progress: 60.42% complete, ETA 00:01:18
# Fork: 2 of 2
# Warmup Iteration   1: 2.884 ns/op
# Warmup Iteration   2: 2.883 ns/op
# Warmup Iteration   3: 2.622 ns/op
Iteration   1: 2.624 ns/op
Iteration   2: 2.614 ns/op
Iteration   3: 2.647 ns/op
Iteration   4: 2.619 ns/op
Iteration   5: 2.670 ns/op


Result "net.openhft.hashing.VarHandleVsUnsafeBenchmark.varHandle":
  2.638 ±(99.9%) 0.035 ns/op [Average]
  (min, avg, max) = (2.614, 2.638, 2.682), stdev = 0.023
  CI (99.9%): [2.603, 2.673] (assumes normal distribution)


# JMH version: 1.37
# VM version: JDK 17.0.19, OpenJDK 64-Bit Server VM, 17.0.19+10-1-24.04.2-Ubuntu
# VM invoker: /usr/lib/jvm/java-17-openjdk-amd64/bin/java
# VM options: <none>
# Blackhole mode: compiler (auto-detected, use -Djmh.blackhole.autoDetect=false to disable)
# Warmup: 3 iterations, 500 ms each
# Measurement: 5 iterations, 500 ms each
# Timeout: 10 min per iteration
# Threads: 1 thread, will synchronize iterations
# Benchmark mode: Average time, time/op
# Benchmark: net.openhft.hashing.VarHandleVsUnsafeBenchmark.varHandle
# Parameters: (length = 16, startAlign = 1)

# Run progress: 62.50% complete, ETA 00:01:14
# Fork: 1 of 2
# Warmup Iteration   1: 2.880 ns/op
# Warmup Iteration   2: 2.838 ns/op
# Warmup Iteration   3: 2.761 ns/op
Iteration   1: 2.876 ns/op
Iteration   2: 2.702 ns/op
Iteration   3: 2.708 ns/op
Iteration   4: 2.741 ns/op
Iteration   5: 2.702 ns/op

# Run progress: 64.58% complete, ETA 00:01:10
# Fork: 2 of 2
# Warmup Iteration   1: 2.919 ns/op
# Warmup Iteration   2: 2.895 ns/op
# Warmup Iteration   3: 2.763 ns/op
Iteration   1: 2.736 ns/op
Iteration   2: 2.731 ns/op
Iteration   3: 2.796 ns/op
Iteration   4: 2.719 ns/op
Iteration   5: 2.816 ns/op


Result "net.openhft.hashing.VarHandleVsUnsafeBenchmark.varHandle":
  2.753 ±(99.9%) 0.088 ns/op [Average]
  (min, avg, max) = (2.702, 2.753, 2.876), stdev = 0.058
  CI (99.9%): [2.665, 2.840] (assumes normal distribution)


# JMH version: 1.37
# VM version: JDK 17.0.19, OpenJDK 64-Bit Server VM, 17.0.19+10-1-24.04.2-Ubuntu
# VM invoker: /usr/lib/jvm/java-17-openjdk-amd64/bin/java
# VM options: <none>
# Blackhole mode: compiler (auto-detected, use -Djmh.blackhole.autoDetect=false to disable)
# Warmup: 3 iterations, 500 ms each
# Measurement: 5 iterations, 500 ms each
# Timeout: 10 min per iteration
# Threads: 1 thread, will synchronize iterations
# Benchmark mode: Average time, time/op
# Benchmark: net.openhft.hashing.VarHandleVsUnsafeBenchmark.varHandle
# Parameters: (length = 64, startAlign = 0)

# Run progress: 66.67% complete, ETA 00:01:06
# Fork: 1 of 2
# Warmup Iteration   1: 6.352 ns/op
# Warmup Iteration   2: 6.526 ns/op
# Warmup Iteration   3: 6.426 ns/op
Iteration   1: 6.657 ns/op
Iteration   2: 6.508 ns/op
Iteration   3: 6.530 ns/op
Iteration   4: 6.522 ns/op
Iteration   5: 6.554 ns/op

# Run progress: 68.75% complete, ETA 00:01:02
# Fork: 2 of 2
# Warmup Iteration   1: 6.418 ns/op
# Warmup Iteration   2: 6.305 ns/op
# Warmup Iteration   3: 6.480 ns/op
Iteration   1: 6.498 ns/op
Iteration   2: 6.437 ns/op
Iteration   3: 6.471 ns/op
Iteration   4: 6.324 ns/op
Iteration   5: 6.511 ns/op


Result "net.openhft.hashing.VarHandleVsUnsafeBenchmark.varHandle":
  6.501 ±(99.9%) 0.128 ns/op [Average]
  (min, avg, max) = (6.324, 6.501, 6.657), stdev = 0.085
  CI (99.9%): [6.373, 6.630] (assumes normal distribution)


# JMH version: 1.37
# VM version: JDK 17.0.19, OpenJDK 64-Bit Server VM, 17.0.19+10-1-24.04.2-Ubuntu
# VM invoker: /usr/lib/jvm/java-17-openjdk-amd64/bin/java
# VM options: <none>
# Blackhole mode: compiler (auto-detected, use -Djmh.blackhole.autoDetect=false to disable)
# Warmup: 3 iterations, 500 ms each
# Measurement: 5 iterations, 500 ms each
# Timeout: 10 min per iteration
# Threads: 1 thread, will synchronize iterations
# Benchmark mode: Average time, time/op
# Benchmark: net.openhft.hashing.VarHandleVsUnsafeBenchmark.varHandle
# Parameters: (length = 64, startAlign = 1)

# Run progress: 70.83% complete, ETA 00:00:57
# Fork: 1 of 2
# Warmup Iteration   1: 6.644 ns/op
# Warmup Iteration   2: 6.363 ns/op
# Warmup Iteration   3: 6.536 ns/op
Iteration   1: 6.535 ns/op
Iteration   2: 6.525 ns/op
Iteration   3: 6.391 ns/op
Iteration   4: 6.410 ns/op
Iteration   5: 6.444 ns/op

# Run progress: 72.92% complete, ETA 00:00:53
# Fork: 2 of 2
# Warmup Iteration   1: 6.405 ns/op
# Warmup Iteration   2: 6.421 ns/op
# Warmup Iteration   3: 6.539 ns/op
Iteration   1: 6.454 ns/op
Iteration   2: 6.516 ns/op
Iteration   3: 6.541 ns/op
Iteration   4: 6.524 ns/op
Iteration   5: 6.479 ns/op


Result "net.openhft.hashing.VarHandleVsUnsafeBenchmark.varHandle":
  6.482 ±(99.9%) 0.082 ns/op [Average]
  (min, avg, max) = (6.391, 6.482, 6.541), stdev = 0.055
  CI (99.9%): [6.399, 6.564] (assumes normal distribution)


# JMH version: 1.37
# VM version: JDK 17.0.19, OpenJDK 64-Bit Server VM, 17.0.19+10-1-24.04.2-Ubuntu
# VM invoker: /usr/lib/jvm/java-17-openjdk-amd64/bin/java
# VM options: <none>
# Blackhole mode: compiler (auto-detected, use -Djmh.blackhole.autoDetect=false to disable)
# Warmup: 3 iterations, 500 ms each
# Measurement: 5 iterations, 500 ms each
# Timeout: 10 min per iteration
# Threads: 1 thread, will synchronize iterations
# Benchmark mode: Average time, time/op
# Benchmark: net.openhft.hashing.VarHandleVsUnsafeBenchmark.varHandle
# Parameters: (length = 128, startAlign = 0)

# Run progress: 75.00% complete, ETA 00:00:49
# Fork: 1 of 2
# Warmup Iteration   1: 12.311 ns/op
# Warmup Iteration   2: 12.058 ns/op
# Warmup Iteration   3: 12.011 ns/op
Iteration   1: 11.914 ns/op
Iteration   2: 11.778 ns/op
Iteration   3: 11.851 ns/op
Iteration   4: 11.797 ns/op
Iteration   5: 11.816 ns/op

# Run progress: 77.08% complete, ETA 00:00:45
# Fork: 2 of 2
# Warmup Iteration   1: 12.292 ns/op
# Warmup Iteration   2: 12.165 ns/op
# Warmup Iteration   3: 12.067 ns/op
Iteration   1: 11.921 ns/op
Iteration   2: 11.913 ns/op
Iteration   3: 12.210 ns/op
Iteration   4: 12.067 ns/op
Iteration   5: 12.096 ns/op


Result "net.openhft.hashing.VarHandleVsUnsafeBenchmark.varHandle":
  11.936 ±(99.9%) 0.217 ns/op [Average]
  (min, avg, max) = (11.778, 11.936, 12.210), stdev = 0.143
  CI (99.9%): [11.720, 12.153] (assumes normal distribution)


# JMH version: 1.37
# VM version: JDK 17.0.19, OpenJDK 64-Bit Server VM, 17.0.19+10-1-24.04.2-Ubuntu
# VM invoker: /usr/lib/jvm/java-17-openjdk-amd64/bin/java
# VM options: <none>
# Blackhole mode: compiler (auto-detected, use -Djmh.blackhole.autoDetect=false to disable)
# Warmup: 3 iterations, 500 ms each
# Measurement: 5 iterations, 500 ms each
# Timeout: 10 min per iteration
# Threads: 1 thread, will synchronize iterations
# Benchmark mode: Average time, time/op
# Benchmark: net.openhft.hashing.VarHandleVsUnsafeBenchmark.varHandle
# Parameters: (length = 128, startAlign = 1)

# Run progress: 79.17% complete, ETA 00:00:41
# Fork: 1 of 2
# Warmup Iteration   1: 12.612 ns/op
# Warmup Iteration   2: 12.353 ns/op
# Warmup Iteration   3: 12.001 ns/op
Iteration   1: 12.180 ns/op
Iteration   2: 12.155 ns/op
Iteration   3: 12.208 ns/op
Iteration   4: 12.015 ns/op
Iteration   5: 12.118 ns/op

# Run progress: 81.25% complete, ETA 00:00:37
# Fork: 2 of 2
# Warmup Iteration   1: 12.347 ns/op
# Warmup Iteration   2: 12.068 ns/op
# Warmup Iteration   3: 11.953 ns/op
Iteration   1: 12.340 ns/op
Iteration   2: 12.135 ns/op
Iteration   3: 12.261 ns/op
Iteration   4: 12.359 ns/op
Iteration   5: 12.104 ns/op


Result "net.openhft.hashing.VarHandleVsUnsafeBenchmark.varHandle":
  12.187 ±(99.9%) 0.162 ns/op [Average]
  (min, avg, max) = (12.015, 12.187, 12.359), stdev = 0.107
  CI (99.9%): [12.025, 12.350] (assumes normal distribution)


# JMH version: 1.37
# VM version: JDK 17.0.19, OpenJDK 64-Bit Server VM, 17.0.19+10-1-24.04.2-Ubuntu
# VM invoker: /usr/lib/jvm/java-17-openjdk-amd64/bin/java
# VM options: <none>
# Blackhole mode: compiler (auto-detected, use -Djmh.blackhole.autoDetect=false to disable)
# Warmup: 3 iterations, 500 ms each
# Measurement: 5 iterations, 500 ms each
# Timeout: 10 min per iteration
# Threads: 1 thread, will synchronize iterations
# Benchmark mode: Average time, time/op
# Benchmark: net.openhft.hashing.VarHandleVsUnsafeBenchmark.varHandle
# Parameters: (length = 1024, startAlign = 0)

# Run progress: 83.33% complete, ETA 00:00:33
# Fork: 1 of 2
# Warmup Iteration   1: 102.912 ns/op
# Warmup Iteration   2: 97.829 ns/op
# Warmup Iteration   3: 97.392 ns/op
Iteration   1: 96.930 ns/op
Iteration   2: 96.927 ns/op
Iteration   3: 98.160 ns/op
Iteration   4: 98.589 ns/op
Iteration   5: 97.853 ns/op

# Run progress: 85.42% complete, ETA 00:00:28
# Fork: 2 of 2
# Warmup Iteration   1: 102.082 ns/op
# Warmup Iteration   2: 100.328 ns/op
# Warmup Iteration   3: 99.297 ns/op
Iteration   1: 98.849 ns/op
Iteration   2: 99.195 ns/op
Iteration   3: 97.898 ns/op
Iteration   4: 100.529 ns/op
Iteration   5: 102.116 ns/op


Result "net.openhft.hashing.VarHandleVsUnsafeBenchmark.varHandle":
  98.705 ±(99.9%) 2.429 ns/op [Average]
  (min, avg, max) = (96.927, 98.705, 102.116), stdev = 1.606
  CI (99.9%): [96.276, 101.133] (assumes normal distribution)


# JMH version: 1.37
# VM version: JDK 17.0.19, OpenJDK 64-Bit Server VM, 17.0.19+10-1-24.04.2-Ubuntu
# VM invoker: /usr/lib/jvm/java-17-openjdk-amd64/bin/java
# VM options: <none>
# Blackhole mode: compiler (auto-detected, use -Djmh.blackhole.autoDetect=false to disable)
# Warmup: 3 iterations, 500 ms each
# Measurement: 5 iterations, 500 ms each
# Timeout: 10 min per iteration
# Threads: 1 thread, will synchronize iterations
# Benchmark mode: Average time, time/op
# Benchmark: net.openhft.hashing.VarHandleVsUnsafeBenchmark.varHandle
# Parameters: (length = 1024, startAlign = 1)

# Run progress: 87.50% complete, ETA 00:00:24
# Fork: 1 of 2
# Warmup Iteration   1: 103.452 ns/op
# Warmup Iteration   2: 99.535 ns/op
# Warmup Iteration   3: 99.376 ns/op
Iteration   1: 99.819 ns/op
Iteration   2: 99.679 ns/op
Iteration   3: 98.620 ns/op
Iteration   4: 99.412 ns/op
Iteration   5: 99.242 ns/op

# Run progress: 89.58% complete, ETA 00:00:20
# Fork: 2 of 2
# Warmup Iteration   1: 101.988 ns/op
# Warmup Iteration   2: 98.993 ns/op
# Warmup Iteration   3: 98.438 ns/op
Iteration   1: 99.444 ns/op
Iteration   2: 99.810 ns/op
Iteration   3: 98.386 ns/op
Iteration   4: 100.557 ns/op
Iteration   5: 100.161 ns/op


Result "net.openhft.hashing.VarHandleVsUnsafeBenchmark.varHandle":
  99.513 ±(99.9%) 0.992 ns/op [Average]
  (min, avg, max) = (98.386, 99.513, 100.557), stdev = 0.656
  CI (99.9%): [98.521, 100.505] (assumes normal distribution)


# JMH version: 1.37
# VM version: JDK 17.0.19, OpenJDK 64-Bit Server VM, 17.0.19+10-1-24.04.2-Ubuntu
# VM invoker: /usr/lib/jvm/java-17-openjdk-amd64/bin/java
# VM options: <none>
# Blackhole mode: compiler (auto-detected, use -Djmh.blackhole.autoDetect=false to disable)
# Warmup: 3 iterations, 500 ms each
# Measurement: 5 iterations, 500 ms each
# Timeout: 10 min per iteration
# Threads: 1 thread, will synchronize iterations
# Benchmark mode: Average time, time/op
# Benchmark: net.openhft.hashing.VarHandleVsUnsafeBenchmark.varHandle
# Parameters: (length = 4096, startAlign = 0)

# Run progress: 91.67% complete, ETA 00:00:16
# Fork: 1 of 2
# Warmup Iteration   1: 412.615 ns/op
# Warmup Iteration   2: 377.715 ns/op
# Warmup Iteration   3: 379.609 ns/op
Iteration   1: 377.415 ns/op
Iteration   2: 376.830 ns/op
Iteration   3: 374.274 ns/op
Iteration   4: 377.986 ns/op
Iteration   5: 382.374 ns/op

# Run progress: 93.75% complete, ETA 00:00:12
# Fork: 2 of 2
# Warmup Iteration   1: 411.593 ns/op
# Warmup Iteration   2: 382.458 ns/op
# Warmup Iteration   3: 378.967 ns/op
Iteration   1: 381.804 ns/op
Iteration   2: 375.825 ns/op
Iteration   3: 378.185 ns/op
Iteration   4: 383.896 ns/op
Iteration   5: 382.226 ns/op


Result "net.openhft.hashing.VarHandleVsUnsafeBenchmark.varHandle":
  379.082 ±(99.9%) 4.909 ns/op [Average]
  (min, avg, max) = (374.274, 379.082, 383.896), stdev = 3.247
  CI (99.9%): [374.172, 383.991] (assumes normal distribution)


# JMH version: 1.37
# VM version: JDK 17.0.19, OpenJDK 64-Bit Server VM, 17.0.19+10-1-24.04.2-Ubuntu
# VM invoker: /usr/lib/jvm/java-17-openjdk-amd64/bin/java
# VM options: <none>
# Blackhole mode: compiler (auto-detected, use -Djmh.blackhole.autoDetect=false to disable)
# Warmup: 3 iterations, 500 ms each
# Measurement: 5 iterations, 500 ms each
# Timeout: 10 min per iteration
# Threads: 1 thread, will synchronize iterations
# Benchmark mode: Average time, time/op
# Benchmark: net.openhft.hashing.VarHandleVsUnsafeBenchmark.varHandle
# Parameters: (length = 4096, startAlign = 1)

# Run progress: 95.83% complete, ETA 00:00:08
# Fork: 1 of 2
# Warmup Iteration   1: 409.088 ns/op
# Warmup Iteration   2: 378.690 ns/op
# Warmup Iteration   3: 377.706 ns/op
Iteration   1: 383.419 ns/op
Iteration   2: 386.996 ns/op
Iteration   3: 380.037 ns/op
Iteration   4: 384.063 ns/op
Iteration   5: 377.535 ns/op

# Run progress: 97.92% complete, ETA 00:00:04
# Fork: 2 of 2
# Warmup Iteration   1: 409.857 ns/op
# Warmup Iteration   2: 386.360 ns/op
# Warmup Iteration   3: 377.190 ns/op
Iteration   1: 374.101 ns/op
Iteration   2: 375.472 ns/op
Iteration   3: 376.975 ns/op
Iteration   4: 381.806 ns/op
Iteration   5: 379.557 ns/op


Result "net.openhft.hashing.VarHandleVsUnsafeBenchmark.varHandle":
  379.996 ±(99.9%) 6.195 ns/op [Average]
  (min, avg, max) = (374.101, 379.996, 386.996), stdev = 4.098
  CI (99.9%): [373.801, 386.191] (assumes normal distribution)


# Run complete. Total time: 00:03:18

REMEMBER: The numbers below are just data. To gain reusable insights, you need to follow up on
why the numbers are the way they are. Use profilers (see -prof, -lprof), design factorial
experiments, perform baseline and negative tests that provide experimental control, make sure
the benchmarking environment is safe on JVM/OS/HW level, ask for reviews from the domain experts.
Do not assume the numbers tell you what you want them to tell.

NOTE: Current JVM experimentally supports Compiler Blackholes, and they are in use. Please exercise
extra caution when trusting the results, look into the generated code to check the benchmark still
works, and factor in a small probability of new VM bugs. Additionally, while comparisons between
different JVMs are already problematic, the performance difference caused by different Blackhole
modes can be very significant. Please make sure you use the consistent Blackhole mode for comparisons.

Benchmark                             (length)  (startAlign)  Mode  Cnt    Score   Error  Units
VarHandleVsUnsafeBenchmark.unsafe            8             0  avgt   10    2.283 ± 0.074  ns/op
VarHandleVsUnsafeBenchmark.unsafe            8             1  avgt   10    2.249 ± 0.047  ns/op
VarHandleVsUnsafeBenchmark.unsafe           16             0  avgt   10    2.406 ± 0.055  ns/op
VarHandleVsUnsafeBenchmark.unsafe           16             1  avgt   10    2.459 ± 0.055  ns/op
VarHandleVsUnsafeBenchmark.unsafe           64             0  avgt   10    5.153 ± 0.065  ns/op
VarHandleVsUnsafeBenchmark.unsafe           64             1  avgt   10    5.234 ± 0.144  ns/op
VarHandleVsUnsafeBenchmark.unsafe          128             0  avgt   10   10.715 ± 0.158  ns/op
VarHandleVsUnsafeBenchmark.unsafe          128             1  avgt   10   10.976 ± 0.397  ns/op
VarHandleVsUnsafeBenchmark.unsafe         1024             0  avgt   10   68.615 ± 0.527  ns/op
VarHandleVsUnsafeBenchmark.unsafe         1024             1  avgt   10   70.294 ± 1.093  ns/op
VarHandleVsUnsafeBenchmark.unsafe         4096             0  avgt   10  263.911 ± 2.552  ns/op
VarHandleVsUnsafeBenchmark.unsafe         4096             1  avgt   10  268.011 ± 3.594  ns/op
VarHandleVsUnsafeBenchmark.varHandle         8             0  avgt   10    2.696 ± 0.141  ns/op
VarHandleVsUnsafeBenchmark.varHandle         8             1  avgt   10    2.692 ± 0.097  ns/op
VarHandleVsUnsafeBenchmark.varHandle        16             0  avgt   10    2.638 ± 0.035  ns/op
VarHandleVsUnsafeBenchmark.varHandle        16             1  avgt   10    2.753 ± 0.088  ns/op
VarHandleVsUnsafeBenchmark.varHandle        64             0  avgt   10    6.501 ± 0.128  ns/op
VarHandleVsUnsafeBenchmark.varHandle        64             1  avgt   10    6.482 ± 0.082  ns/op
VarHandleVsUnsafeBenchmark.varHandle       128             0  avgt   10   11.936 ± 0.217  ns/op
VarHandleVsUnsafeBenchmark.varHandle       128             1  avgt   10   12.187 ± 0.162  ns/op
VarHandleVsUnsafeBenchmark.varHandle      1024             0  avgt   10   98.705 ± 2.429  ns/op
VarHandleVsUnsafeBenchmark.varHandle      1024             1  avgt   10   99.513 ± 0.992  ns/op
VarHandleVsUnsafeBenchmark.varHandle      4096             0  avgt   10  379.082 ± 4.909  ns/op
VarHandleVsUnsafeBenchmark.varHandle      4096             1  avgt   10  379.996 ± 6.195  ns/op

Benchmark result is saved to /home/peter/Build-All/needs-info-research/Zero-Allocation-Hashing-67/results-jdk17.json
